Microchip MPLAB XC8 Compiler V3.00

Linker command line:

-W-3 \
  --edf=C:\Program Files\Microchip\xc8\v3.00\pic\dat\20241204225717_en.msgs \
  -cn -h+dist/default/production\ECU3.X.production.sym \
  --cmf=dist/default/production\ECU3.X.production.cmf -z -Q18F4580 \
  -oC:\Users\KEERTHI\AppData\Local\Temp\xcAs62g.\driver_tmp_3.o \
  --defsym=__MPLAB_BUILD=1 --fixupoverflow=error \
  -Mdist/default/production/ECU3.X.production.map \
  --md=C:\Users\KEERTHI\AppData\Local\Temp\xcAs62g.\driver_tmp_0.dat -E1 \
  -ver=XC8 Compiler -ACODE=00h-03000h -ACONST=00h-03000h \
  -ASMALLCONST=0600h-06FFhx42,03000h-03000h -AMEDIUMCONST=0600h-03000h \
  -ACOMRAM=01h-05Fh -AABS1=00h-05FFh -ABIGRAM=01h-05FFh \
  -ARAM=060h-0FFh,0100h-01FFhx5 -ABANK0=060h-0FFh -ABANK1=0100h-01FFh \
  -ABANK2=0200h-02FFh -ABANK3=0300h-03FFh -ABANK4=0400h-04FFh \
  -ABANK5=0500h-05FFh -ASFR=0D00h-0DFFhx2,0F00h-0F5Fh,0F60h-0FFFh \
  -ABIGSFR=0D00h-0FFFh -ACONFIG=0300000h-030000Dh -AIDLOC=0200000h-0200007h \
  -AEEDATA=0F00000h-0F000FFh -peeprom_data=EEDATA \
  -preset_vec=00h,intcode=8h,intcodelo=18h,sivt_lo,sivt_hi=CODE \
  -ppowerup=CODE,init -pramtop=0600h -psmallconst=SMALLCONST \
  -pmediumconst=MEDIUMCONST -pconst=CONST -AFARRAM=00h-00h \
  -prdata=COMRAM,nvrram=COMRAM,nvbit=COMRAM,rbss=COMRAM,rbit=COMRAM \
  -pfarbss=FARRAM,fardata=FARRAM,nvFARRAM=FARRAM \
  -pintsave_regs=BIGRAM,bigbss=BIGRAM,bigdata=BIGRAM -pbss=RAM \
  -pidata=CODE,irdata=CODE,ibigdata=CODE,ifardata=CODE -prparam=COMRAM \
  C:\Users\KEERTHI\AppData\Local\Temp\xcAs62g.\driver_tmp_9.o \
  dist/default/production\ECU3.X.production.o 

Object code version is 3.11

Machine type is 18F4580



                Name                               Link     Load   Length Selector   Space Scale
C:\Users\KEERTHI\AppData\Local\Temp\xcAs62g.\driver_tmp_9.o
                idloc                            200000   200000        8        0       5
                config                           300000   300000        E        0       4
                init                               2FFC     2FFC        4     17FE       0
                reset_vec                             0        0        4        0       0
dist/default/production\ECU3.X.production.o
                idloc                            200000   200000        8        0       5
                config                           300000   300000        E        0       4
                mediumconst                        2FEA     2FEA       12     17F5       0
                text11                             2F32     2F32       B8     1799       0
                text10                             2BDE     2BDE       3A     15EF       0
                text9                              2C18     2C18       44     160C       0
                text8                              2BA2     2BA2       18     15D1       0
                text7                              2CF8     2CF8       5A     167C       0
                text6                              2D52     2D52       62     16A9       0
                text5                              2CA0     2CA0       58     1650       0
                text4                              2E16     2E16       76     170B       0
                text3                              2DB4     2DB4       62     16DA       0
                text2                              2C5C     2C5C       44     162E       0
                text1                              2E8C     2E8C       A6     1746       0
                text0                              2BBA     2BBA       24     15DD       0
                cstackCOMRAM                         1A       1A        7        1       1
                bssCOMRAM                             1        1       19        1       1
                cinit                              2B8C     2B8C       16     15C6       0

TOTAL           Name                               Link     Load   Length     Space
        CLASS   CODE           
                init                               2FFC     2FFC        4         0
                reset_vec                             0        0        4         0
                text11                             2F32     2F32       B8         0
                text10                             2BDE     2BDE       3A         0
                text9                              2C18     2C18       44         0
                text8                              2BA2     2BA2       18         0
                text7                              2CF8     2CF8       5A         0
                text6                              2D52     2D52       62         0
                text5                              2CA0     2CA0       58         0
                text4                              2E16     2E16       76         0
                text3                              2DB4     2DB4       62         0
                text2                              2C5C     2C5C       44         0
                text1                              2E8C     2E8C       A6         0
                text0                              2BBA     2BBA       24         0
                cinit                              2B8C     2B8C       16         0

        CLASS   CONST          

        CLASS   SMALLCONST     

        CLASS   MEDIUMCONST    
                mediumconst                        2FEA     2FEA       12         0

        CLASS   COMRAM         
                cstackCOMRAM                         1A       1A        7         1
                bssCOMRAM                             1        1       19         1

        CLASS   ABS1           

        CLASS   BIGRAM         

        CLASS   RAM            

        CLASS   BANK0          

        CLASS   BANK1          

        CLASS   BANK2          

        CLASS   BANK3          

        CLASS   BANK4          

        CLASS   BANK5          

        CLASS   SFR            

        CLASS   BIGSFR         

        CLASS   CONFIG         
                config                           300000   300000        E         4

        CLASS   IDLOC          
                idloc                            200000   200000        8         5

        CLASS   EEDATA         

        CLASS   FARRAM         

        CLASS   HEAP           

        CLASS   STACK          



SEGMENTS        Name                           Load    Length   Top    Selector   Space  Class

                reset_vec                      000000  000004  000004         0       0  CODE    
                bssCOMRAM                      000001  000020  000021         1       1  COMRAM  
                cinit                          002B8C  000016  002BA2      15C6       0  CODE    
                text8                          002BA2  000018  002BBA      15D1       0  CODE    
                text0                          002BBA  000024  002BDE      15DD       0  CODE    
                text10                         002BDE  00003A  002C18      15EF       0  CODE    
                text9                          002C18  000044  002C5C      160C       0  CODE    
                text2                          002C5C  000044  002CA0      162E       0  CODE    
                text5                          002CA0  000058  002CF8      1650       0  CODE    
                text7                          002CF8  00005A  002D52      167C       0  CODE    
                text6                          002D52  000062  002DB4      16A9       0  CODE    
                text3                          002DB4  000062  002E16      16DA       0  CODE    
                text4                          002E16  000076  002E8C      170B       0  CODE    
                text1                          002E8C  0000A6  002F32      1746       0  CODE    
                text11                         002F32  0000B8  002FEA      1799       0  CODE    
                mediumconst                    002FEA  000012  002FFC      17F5       0  MEDIUMCO
                init                           002FFC  000004  003000      17FE       0  CODE    


UNUSED ADDRESS RANGES

        Name                Unused          Largest block    Delta
        BANK0            000060-0000FF               A0
        BANK1            000100-0001FF              100
        BANK2            000200-0002FF              100
        BANK3            000300-0003FF              100
        BANK4            000400-0004FF              100
        BANK5            000500-0005FF              100
        BIGRAM           000021-0005FF              5DF
        BIGSFR           000D00-000FFF              300
        CODE             000004-002B8B             2B88
                         003000-003000                1
        COMRAM           000021-00005F               3F
        CONST            000004-002B8B             2B88
                         003000-003000                1
        EEDATA           F00000-F000FF              100
        MEDIUMCONST      000600-002B8B             258C
                         003000-003000                1
        RAM              000060-0005FF              100
        SFR              000D00-000FFF              100
        SMALLCONST       000600-002B8B              100
                         003000-003000                1

                                  Symbol Table

_BRGCON1                      (abs)        000F70
_BRGCON2                      (abs)        000F71
_BRGCON3                      (abs)        000F72
_CANCON                       (abs)        000F6F
_CANSTAT                      (abs)        000F6E
_ECANCON                      (abs)        000F77
_PORTD                        (abs)        000F83
_RC0                          (abs)        007C10
_RC1                          (abs)        007C11
_RC2                          (abs)        007C12
_RD7                          (abs)        007C1F
_RXB0CON                      (abs)        000F60
_RXB0D0                       (abs)        000F66
_RXB0D1                       (abs)        000F67
_RXB0D2                       (abs)        000F68
_RXB0D3                       (abs)        000F69
_RXB0D4                       (abs)        000F6A
_RXB0D5                       (abs)        000F6B
_RXB0D6                       (abs)        000F6C
_RXB0D7                       (abs)        000F6D
_RXB0DLC                      (abs)        000F65
_RXB0EIDH                     (abs)        000F63
_RXB0EIDL                     (abs)        000F64
_RXB0FUL                      (abs)        007B07
_RXB0IF                       (abs)        007D20
_RXB0SIDH                     (abs)        000F61
_RXF0EIDH                     (abs)        000F02
_RXF0EIDL                     (abs)        000F03
_RXF0SIDH                     (abs)        000F00
_RXF0SIDL                     (abs)        000F01
_RXFCON0                      (abs)        000DD4
_TRISB2                       (abs)        007C9A
_TRISB3                       (abs)        007C9B
_TRISC                        (abs)        000F94
_TRISD                        (abs)        000F95
_TRISD7                       (abs)        007CAF
_TXB0D0                       (abs)        000F46
_TXB0D1                       (abs)        000F47
_TXB0D2                       (abs)        000F48
_TXB0D3                       (abs)        000F49
_TXB0D4                       (abs)        000F4A
_TXB0D5                       (abs)        000F4B
_TXB0D6                       (abs)        000F4C
_TXB0D7                       (abs)        000F4D
_TXB0DLC                      (abs)        000F45
_TXB0EIDH                     (abs)        000F43
_TXB0EIDL                     (abs)        000F44
_TXB0REQ                      (abs)        007A03
_TXB0SIDH                     (abs)        000F41
_TXB0SIDL                     (abs)        000F42
__HRAM                        (abs)        000000
__H__absolute__               __absolute__ 000000
__Habs1                       abs1         000000
__Hbank0                      bank0        000000
__Hbank1                      bank1        000000
__Hbank2                      bank2        000000
__Hbank3                      bank3        000000
__Hbank4                      bank4        000000
__Hbank5                      bank5        000000
__Hbigbss                     bigbss       000000
__Hbigdata                    bigdata      000000
__Hbigram                     bigram       000000
__Hbigsfr                     bigsfr       000000
__Hbss                        bss          000000
__HbssCOMRAM                  bssCOMRAM    000000
__Hcinit                      cinit        000000
__Hclrtext                    clrtext      000000
__Hcomram                     comram       000000
__Hconfig                     config       30000E
__Hconst                      const        000000
__HcstackCOMRAM               cstackCOMRAM 000000
__Hdata                       data         000000
__Heeprom_data                eeprom_data  000000
__Hfarbss                     farbss       000000
__Hfardata                    fardata      000000
__Hheap                       heap         000000
__Hibigdata                   ibigdata     000000
__Hidata                      idata        000000
__Hidloc                      idloc        200008
__Hifardata                   ifardata     000000
__Hinit                       init         003000
__Hintcode                    intcode      000008
__Hintcode_body               intcode_body 000000
__Hintcodelo                  intcodelo    000018
__Hintentry                   intentry     000000
__Hintret                     intret       000000
__Hintsave_regs               intsave_regs 000000
__Hirdata                     irdata       000000
__Hmediumconst                mediumconst  002FFC
__HnvFARRAM                   nvFARRAM     000000
__Hnvbit                      nvbit        000000
__Hnvrram                     nvrram       000000
__Hparam                      rparam       000000
__Hpowerup                    powerup      000000
__Hram                        ram          000000
__Hramtop                     ramtop       000600
__Hrbit                       rbit         000000
__Hrbss                       rbss         000000
__Hrdata                      rdata        000000
__Hreset_vec                  reset_vec    000004
__Hrparam                     rparam       000000
__Hsfr                        sfr          000000
__Hsivt_hi                    sivt_hi      000000
__Hsivt_lo                    sivt_lo      000018
__Hsmallconst                 smallconst   000000
__Hspace_0                    (abs)        003000
__Hspace_1                    (abs)        000021
__Hspace_2                    (abs)        000000
__Hspace_4                    (abs)        60000E
__Hstack                      stack        000000
__Hstruct                     struct       000000
__Htemp                       temp         000000
__Htext                       text         000000
__Htext0                      text0        000000
__Htext1                      text1        000000
__Htext10                     text10       000000
__Htext11                     text11       000000
__Htext2                      text2        000000
__Htext3                      text3        000000
__Htext4                      text4        000000
__Htext5                      text5        000000
__Htext6                      text6        000000
__Htext7                      text7        000000
__Htext8                      text8        000000
__Htext9                      text9        000000
__LRAM                        (abs)        000001
__L__absolute__               __absolute__ 000000
__Labs1                       abs1         000000
__Lbank0                      bank0        000000
__Lbank1                      bank1        000000
__Lbank2                      bank2        000000
__Lbank3                      bank3        000000
__Lbank4                      bank4        000000
__Lbank5                      bank5        000000
__Lbigbss                     bigbss       000000
__Lbigdata                    bigdata      000000
__Lbigram                     bigram       000000
__Lbigsfr                     bigsfr       000000
__Lbss                        bss          000000
__LbssCOMRAM                  bssCOMRAM    000000
__Lcinit                      cinit        000000
__Lclrtext                    clrtext      000000
__Lcomram                     comram       000000
__Lconfig                     config       000000
__Lconst                      const        000000
__LcstackCOMRAM               cstackCOMRAM 000000
__Ldata                       data         000000
__Leeprom_data                eeprom_data  000000
__Lfarbss                     farbss       000000
__Lfardata                    fardata      000000
__Lheap                       heap         000000
__Libigdata                   ibigdata     000000
__Lidata                      idata        000000
__Lidloc                      idloc        000000
__Lifardata                   ifardata     000000
__Linit                       init         002FFC
__Lintcode                    intcode      000008
__Lintcode_body               intcode_body 000000
__Lintcodelo                  intcodelo    000018
__Lintentry                   intentry     000000
__Lintret                     intret       000000
__Lintsave_regs               intsave_regs 000000
__Lirdata                     irdata       000000
__Lmediumconst                mediumconst  002FEA
__LnvFARRAM                   nvFARRAM     000000
__Lnvbit                      nvbit        000000
__Lnvrram                     nvrram       000000
__Lparam                      rparam       000000
__Lpowerup                    powerup      000000
__Lram                        ram          000000
__Lramtop                     ramtop       000600
__Lrbit                       rbit         000000
__Lrbss                       rbss         000000
__Lrdata                      rdata        000000
__Lreset_vec                  reset_vec    000000
__Lrparam                     rparam       000000
__Lsfr                        sfr          000000
__Lsivt_hi                    sivt_hi      000000
__Lsivt_lo                    sivt_lo      000018
__Lsmallconst                 smallconst   000000
__Lspace_0                    (abs)        000000
__Lspace_1                    (abs)        000000
__Lspace_2                    (abs)        000000
__Lspace_4                    (abs)        000000
__Lstack                      stack        000000
__Lstruct                     struct       000000
__Ltemp                       temp         000000
__Ltext                       text         000000
__Ltext0                      text0        000000
__Ltext1                      text1        000000
__Ltext10                     text10       000000
__Ltext11                     text11       000000
__Ltext2                      text2        000000
__Ltext3                      text3        000000
__Ltext4                      text4        000000
__Ltext5                      text5        000000
__Ltext6                      text6        000000
__Ltext7                      text7        000000
__Ltext8                      text8        000000
__Ltext9                      text9        000000
__S0                          (abs)        003000
__S1                          (abs)        000021
__S4                          (abs)        000000
__S5                          (abs)        000000
___heap_hi                    (abs)        000000
___heap_lo                    (abs)        000000
___inthi_sp                   stack        000000
___inthi_stack_hi             stack        000000
___inthi_stack_lo             stack        000000
___intlo_sp                   stack        000000
___intlo_stack_hi             stack        000000
___intlo_stack_lo             stack        000000
___param_bank                 (abs)        000000
___rparam_used                (abs)        000001
___sp                         stack        000000
___stack_hi                   stack        000000
___stack_lo                   stack        000000
__accesstop                   (abs)        000060
__activetblptr                (abs)        000002
__end_of__initialization      cinit        002B98
__end_of_can_receive          text11       002FEA
__end_of_clcd_print           text9        002C5C
__end_of_clcd_putch           text8        002BBA
__end_of_clcd_write           text10       002C18
__end_of_get_engine_temp      text7        002D52
__end_of_get_gear_position    text6        002DB4
__end_of_get_indicator_status text5        002CF8
__end_of_get_rpm              text4        002E8C
__end_of_get_speed            text3        002E16
__end_of_init_can             text2        002CA0
__end_of_init_clcd            text1        002F32
__end_of_main                 text0        002BDE
__initialization              cinit        002B8C
__mediumconst                 mediumconst  002FEA
__pbssCOMRAM                  bssCOMRAM    000001
__pcinit                      cinit        002B8C
__pcstackCOMRAM               cstackCOMRAM 00001A
__pmediumconst                mediumconst  002FEA
__ptext0                      text0        002BBA
__ptext1                      text1        002E8C
__ptext10                     text10       002BDE
__ptext11                     text11       002F32
__ptext2                      text2        002C5C
__ptext3                      text3        002DB4
__ptext4                      text4        002E16
__ptext5                      text5        002CA0
__ptext6                      text6        002D52
__ptext7                      text7        002CF8
__ptext8                      text8        002BA2
__ptext9                      text9        002C18
__ramtop                      ramtop       000600
__smallconst                  mediumconst  002FEA
_can_payload                  bssCOMRAM    000001
_can_receive                  text11       002F32
_clcd_print                   text9        002C18
_clcd_putch                   text8        002BA2
_clcd_write                   text10       002BDE
_data                         bssCOMRAM    00000E
_data_length                  bssCOMRAM    000016
_get_engine_temp              text7        002CF8
_get_gear_position            text6        002D52
_get_indicator_status         text5        002CA0
_get_rpm                      text4        002E16
_get_speed                    text3        002DB4
_id                           bssCOMRAM    000018
_init_can                     text2        002C5C
_init_clcd                    text1        002E8C
_main                         text0        002BBA
can_receive@data              cstackCOMRAM 00001C
can_receive@len               cstackCOMRAM 00001B
can_receive@msg_id            cstackCOMRAM 00001A
clcd_print@addr               cstackCOMRAM 00001E
clcd_print@data               cstackCOMRAM 00001C
clcd_putch@addr               cstackCOMRAM 00001C
clcd_putch@data               cstackCOMRAM 00001D
clcd_write@byte               cstackCOMRAM 00001B
clcd_write@control_bit        cstackCOMRAM 00001A
end_of_initialization         cinit        002B98
intlevel0                     text         000000
intlevel1                     text         000000
intlevel2                     text         000000
intlevel3                     text         000000
isa$std                       (abs)        000001
isa$xinst                     (abs)        000000
stackhi                       (abs)        000000
stacklo                       (abs)        000000
start                         init         002FFC
start_initialization          cinit        002B8C


MODULE INFORMATION

Module		Function		Class		Link	Load	Size
ecu3_main.c
		_main          		CODE           	2BBA	0000	36

ecu3_main.c estimated size: 36

functions.c
		_get_gear_position		CODE           	2D52	0000	98
		_get_engine_temp		CODE           	2CF8	0000	90
		_get_speed     		CODE           	2DB4	0000	98
		_get_rpm       		CODE           	2E16	0000	118
		_get_indicator_status		CODE           	2CA0	0000	88

functions.c estimated size: 492

can3.c
		_init_can      		CODE           	2C5C	0000	68
		_can_receive   		CODE           	2F32	0000	184

can3.c estimated size: 252

shared
		__initialization		CODE           	2B8C	0000	12

shared estimated size: 12

clcd.c
		_clcd_write    		CODE           	2BDE	0000	58
		_clcd_print    		CODE           	2C18	0000	68
		_clcd_putch    		CODE           	2BA2	0000	24
		_init_clcd     		CODE           	2E8C	0000	166

clcd.c estimated size: 316

