Microchip MPLAB XC8 Compiler V3.00

Linker command line:

-W-3 \
  --edf=C:\Program Files\Microchip\xc8\v3.00\pic\dat\20241204225717_en.msgs \
  -cn -h+dist/default/production\ECU2.X.production.sym \
  --cmf=dist/default/production\ECU2.X.production.cmf -z -Q18F4580 \
  -oC:\Users\KEERTHI\AppData\Local\Temp\xcAsa5o.\driver_tmp_3.o \
  --defsym=__MPLAB_BUILD=1 --fixupoverflow=error \
  -Mdist/default/production/ECU2.X.production.map \
  --md=C:\Users\KEERTHI\AppData\Local\Temp\xcAsa5o.\driver_tmp_0.dat -E1 \
  -ver=XC8 Compiler -ACODE=00h-07FFFh -ACONST=00h-07FFFh \
  -ASMALLCONST=0600h-06FFhx122 -AMEDIUMCONST=0600h-07FFFh -ACOMRAM=01h-05Fh \
  -AABS1=00h-05FFh -ABIGRAM=01h-05FFh -ARAM=060h-0FFh,0100h-01FFhx5 \
  -ABANK0=060h-0FFh -ABANK1=0100h-01FFh -ABANK2=0200h-02FFh \
  -ABANK3=0300h-03FFh -ABANK4=0400h-04FFh -ABANK5=0500h-05FFh \
  -ASFR=0D00h-0DFFhx2,0F00h-0F5Fh,0F60h-0FFFh -ABIGSFR=0D00h-0FFFh \
  -ACONFIG=0300000h-030000Dh -AIDLOC=0200000h-0200007h \
  -AEEDATA=0F00000h-0F000FFh -peeprom_data=EEDATA \
  -preset_vec=00h,intcode=8h,intcodelo=18h,sivt_lo,sivt_hi=CODE \
  -ppowerup=CODE,init -pramtop=0600h -psmallconst=SMALLCONST \
  -pmediumconst=MEDIUMCONST -pconst=CONST -AFARRAM=00h-00h \
  -prdata=COMRAM,nvrram=COMRAM,nvbit=COMRAM,rbss=COMRAM,rbit=COMRAM \
  -pfarbss=FARRAM,fardata=FARRAM,nvFARRAM=FARRAM \
  -pintsave_regs=BIGRAM,bigbss=BIGRAM,bigdata=BIGRAM -pbss=RAM \
  -pidata=CODE,irdata=CODE,ibigdata=CODE,ifardata=CODE -prparam=COMRAM \
  C:\Users\KEERTHI\AppData\Local\Temp\xcAsa5o.\driver_tmp_9.o \
  dist/default/production\ECU2.X.production.o 

Object code version is 3.11

Machine type is 18F4580



                Name                               Link     Load   Length Selector   Space Scale
C:\Users\KEERTHI\AppData\Local\Temp\xcAsa5o.\driver_tmp_9.o
                idloc                            200000   200000        8        0       5
                config                           300000   300000        E        0       4
                init                               7FFC     7FFC        4     3FFE       0
                reset_vec                             0        0        4        0       0
dist/default/production\ECU2.X.production.o
                idloc                            200000   200000        8        0       5
                config                           300000   300000        E        0       4
                smallconst                          600      600       10      300       0
                text15                              610      610      196      308       0
                text14                              DE6      DE6       3A      308       0
                text13                              C88      C88       6C      308       0
                text12                              8FC      8FC      108      308       0
                text11                              C14      C14       74      308       0
                text10                              A04      A04       F6      308       0
                text9                               BA0      BA0       74      308       0
                text8                               CF4      CF4       64      308       0
                text7                               DA0      DA0       46      308       0
                text6                               7A6      7A6      156      308       0
                text5                               E56      E56       1C      308       0
                text4                               D58      D58       48      308       0
                text3                               AFA      AFA       A6      308       0
                text2                               E98      E98       12      308       0
                text1                               E86      E86       12      308       0
                text0                               E72      E72       14      308       0
                cstackCOMRAM                          1        1       1B        1       1
                dataCOMRAM                           35       35        6        1       1
                bssCOMRAM                            1C       1C       19        1       1
                cinit                               E20      E20       36      308       0
                idataCOMRAM                         EAA      EAA        6      308       0

TOTAL           Name                               Link     Load   Length     Space
        CLASS   CODE           
                init                               7FFC     7FFC        4         0
                reset_vec                             0        0        4         0
                text15                              610      610      196         0
                text14                              DE6      DE6       3A         0
                text13                              C88      C88       6C         0
                text12                              8FC      8FC      108         0
                text11                              C14      C14       74         0
                text10                              A04      A04       F6         0
                text9                               BA0      BA0       74         0
                text8                               CF4      CF4       64         0
                text7                               DA0      DA0       46         0
                text6                               7A6      7A6      156         0
                text5                               E56      E56       1C         0
                text4                               D58      D58       48         0
                text3                               AFA      AFA       A6         0
                text2                               E98      E98       12         0
                text1                               E86      E86       12         0
                text0                               E72      E72       14         0
                cinit                               E20      E20       36         0
                idataCOMRAM                         EAA      EAA        6         0

        CLASS   CONST          

        CLASS   SMALLCONST     
                smallconst                          600      600       10         0

        CLASS   MEDIUMCONST    

        CLASS   COMRAM         
                cstackCOMRAM                          1        1       1B         1
                dataCOMRAM                           35       35        6         1
                bssCOMRAM                            1C       1C       19         1

        CLASS   ABS1           

        CLASS   BIGRAM         

        CLASS   RAM            

        CLASS   BANK0          

        CLASS   BANK1          

        CLASS   BANK2          

        CLASS   BANK3          

        CLASS   BANK4          

        CLASS   BANK5          

        CLASS   SFR            

        CLASS   BIGSFR         

        CLASS   CONFIG         
                config                           300000   300000        E         4

        CLASS   IDLOC          
                idloc                            200000   200000        8         5

        CLASS   EEDATA         

        CLASS   FARRAM         

        CLASS   HEAP           

        CLASS   STACK          



SEGMENTS        Name                           Load    Length   Top    Selector   Space  Class

                reset_vec                      000000  000004  000004         0       0  CODE    
                cstackCOMRAM                   000001  00003A  00003B         1       1  COMRAM  
                smallconst                     000600  000010  000610       300       0  SMALLCON
                text15                         000610  0008A0  000EB0       308       0  CODE    
                init                           007FFC  000004  008000      3FFE       0  CODE    


UNUSED ADDRESS RANGES

        Name                Unused          Largest block    Delta
        BANK0            000060-0000FF               A0
        BANK1            000100-0001FF              100
        BANK2            000200-0002FF              100
        BANK3            000300-0003FF              100
        BANK4            000400-0004FF              100
        BANK5            000500-0005FF              100
        BIGRAM           00003B-0005FF              5C5
        BIGSFR           000D00-000FFF              300
        CODE             000004-0005FF              5FC
                         000EB0-007FFB             714C
        COMRAM           00003B-00005F               25
        CONST            000004-0005FF              5FC
                         000EB0-007FFB             714C
        EEDATA           F00000-F000FF              100
        MEDIUMCONST      000EB0-007FFB             714C
        RAM              000060-0005FF              100
        SFR              000D00-000FFF              100
        SMALLCONST       000EB0-007FFB              100

                                  Symbol Table

?___lwdiv                     cstackCOMRAM 000001
?___lwmod                     cstackCOMRAM 000008
?_read_adc                    cstackCOMRAM 000001
_ACQT0                        (abs)        007E03
_ACQT1                        (abs)        007E04
_ACQT2                        (abs)        007E05
_ADCON0                       (abs)        000FC2
_ADCON1                       (abs)        000FC1
_ADCS0                        (abs)        007E00
_ADCS1                        (abs)        007E01
_ADCS2                        (abs)        007E02
_ADFM                         (abs)        007E07
_ADON                         (abs)        007E10
_ADRESH                       (abs)        000FC4
_ADRESL                       (abs)        000FC3
_BRGCON1                      (abs)        000F70
_BRGCON2                      (abs)        000F71
_BRGCON3                      (abs)        000F72
_CANCON                       (abs)        000F6F
_CANSTAT                      (abs)        000F6E
_ECANCON                      (abs)        000F77
_GO                           (abs)        007E11
_GODONE                       (abs)        007E11
_PORTB                        (abs)        000F81
_PORTBbits                    (abs)        000F81
_PORTC                        (abs)        000F82
_PORTD                        (abs)        000F83
_RBPU                         (abs)        007F8F
_RC0                          (abs)        007C10
_RC1                          (abs)        007C11
_RC2                          (abs)        007C12
_RD7                          (abs)        007C1F
_RXB0CON                      (abs)        000F60
_RXB0D0                       (abs)        000F66
_RXB0D1                       (abs)        000F67
_RXB0D2                       (abs)        000F68
_RXB0D3                       (abs)        000F69
_RXB0D4                       (abs)        000F6A
_RXB0D5                       (abs)        000F6B
_RXB0D6                       (abs)        000F6C
_RXB0D7                       (abs)        000F6D
_RXB0DLC                      (abs)        000F65
_RXB0EIDH                     (abs)        000F63
_RXB0EIDL                     (abs)        000F64
_RXB0FUL                      (abs)        007B07
_RXB0IF                       (abs)        007D20
_RXB0SIDH                     (abs)        000F61
_RXF0EIDH                     (abs)        000F02
_RXF0EIDL                     (abs)        000F03
_RXF0SIDH                     (abs)        000F00
_RXF0SIDL                     (abs)        000F01
_RXFCON0                      (abs)        000DD4
_TRISB                        (abs)        000F93
_TRISB2                       (abs)        007C9A
_TRISB3                       (abs)        007C9B
_TRISC                        (abs)        000F94
_TRISD                        (abs)        000F95
_TRISD7                       (abs)        007CAF
_TXB0D0                       (abs)        000F46
_TXB0D1                       (abs)        000F47
_TXB0D2                       (abs)        000F48
_TXB0D3                       (abs)        000F49
_TXB0D4                       (abs)        000F4A
_TXB0D5                       (abs)        000F4B
_TXB0D6                       (abs)        000F4C
_TXB0D7                       (abs)        000F4D
_TXB0DLC                      (abs)        000F45
_TXB0EIDH                     (abs)        000F43
_TXB0EIDL                     (abs)        000F44
_TXB0REQ                      (abs)        007A03
_TXB0SIDH                     (abs)        000F41
_TXB0SIDL                     (abs)        000F42
_VCFG0                        (abs)        007E0C
_VCFG1                        (abs)        007E0D
__HRAM                        (abs)        000000
__H__absolute__               __absolute__ 000000
__Habs1                       abs1         000000
__Hbank0                      bank0        000000
__Hbank1                      bank1        000000
__Hbank2                      bank2        000000
__Hbank3                      bank3        000000
__Hbank4                      bank4        000000
__Hbank5                      bank5        000000
__Hbigbss                     bigbss       000000
__Hbigdata                    bigdata      000000
__Hbigram                     bigram       000000
__Hbigsfr                     bigsfr       000000
__Hbss                        bss          000000
__HbssCOMRAM                  bssCOMRAM    000000
__Hcinit                      cinit        000000
__Hclrtext                    clrtext      000000
__Hcomram                     comram       000000
__Hconfig                     config       30000E
__Hconst                      const        000000
__HcstackCOMRAM               cstackCOMRAM 000000
__Hdata                       data         000000
__HdataCOMRAM                 dataCOMRAM   000000
__Heeprom_data                eeprom_data  000000
__Hfarbss                     farbss       000000
__Hfardata                    fardata      000000
__Hheap                       heap         000000
__Hibigdata                   ibigdata     000000
__Hidata                      idata        000000
__HidataCOMRAM                idataCOMRAM  000000
__Hidloc                      idloc        200008
__Hifardata                   ifardata     000000
__Hinit                       init         008000
__Hintcode                    intcode      000008
__Hintcode_body               intcode_body 000000
__Hintcodelo                  intcodelo    000018
__Hintentry                   intentry     000000
__Hintret                     intret       000000
__Hintsave_regs               intsave_regs 000000
__Hirdata                     irdata       000000
__Hmediumconst                mediumconst  000000
__HnvFARRAM                   nvFARRAM     000000
__Hnvbit                      nvbit        000000
__Hnvrram                     nvrram       000000
__Hparam                      rparam       000000
__Hpowerup                    powerup      000000
__Hram                        ram          000000
__Hramtop                     ramtop       000600
__Hrbit                       rbit         000000
__Hrbss                       rbss         000000
__Hrdata                      rdata        000000
__Hreset_vec                  reset_vec    000004
__Hrparam                     rparam       000000
__Hsfr                        sfr          000000
__Hsivt_hi                    sivt_hi      000000
__Hsivt_lo                    sivt_lo      000018
__Hsmallconst                 smallconst   000610
__Hspace_0                    (abs)        008000
__Hspace_1                    (abs)        00003B
__Hspace_2                    (abs)        000000
__Hspace_4                    (abs)        60000E
__Hstack                      stack        000000
__Hstruct                     struct       000000
__Htemp                       temp         000000
__Htext                       text         000000
__Htext0                      text0        000000
__Htext1                      text1        000000
__Htext10                     text10       000000
__Htext11                     text11       000000
__Htext12                     text12       000000
__Htext13                     text13       000000
__Htext14                     text14       000000
__Htext15                     text15       000000
__Htext2                      text2        000000
__Htext3                      text3        000000
__Htext4                      text4        000000
__Htext5                      text5        000000
__Htext6                      text6        000000
__Htext7                      text7        000000
__Htext8                      text8        000000
__Htext9                      text9        000000
__LRAM                        (abs)        000001
__L__absolute__               __absolute__ 000000
__Labs1                       abs1         000000
__Lbank0                      bank0        000000
__Lbank1                      bank1        000000
__Lbank2                      bank2        000000
__Lbank3                      bank3        000000
__Lbank4                      bank4        000000
__Lbank5                      bank5        000000
__Lbigbss                     bigbss       000000
__Lbigdata                    bigdata      000000
__Lbigram                     bigram       000000
__Lbigsfr                     bigsfr       000000
__Lbss                        bss          000000
__LbssCOMRAM                  bssCOMRAM    000000
__Lcinit                      cinit        000000
__Lclrtext                    clrtext      000000
__Lcomram                     comram       000000
__Lconfig                     config       000000
__Lconst                      const        000000
__LcstackCOMRAM               cstackCOMRAM 000000
__Ldata                       data         000000
__LdataCOMRAM                 dataCOMRAM   000000
__Leeprom_data                eeprom_data  000000
__Lfarbss                     farbss       000000
__Lfardata                    fardata      000000
__Lheap                       heap         000000
__Libigdata                   ibigdata     000000
__Lidata                      idata        000000
__LidataCOMRAM                idataCOMRAM  000000
__Lidloc                      idloc        000000
__Lifardata                   ifardata     000000
__Linit                       init         007FFC
__Lintcode                    intcode      000008
__Lintcode_body               intcode_body 000000
__Lintcodelo                  intcodelo    000018
__Lintentry                   intentry     000000
__Lintret                     intret       000000
__Lintsave_regs               intsave_regs 000000
__Lirdata                     irdata       000000
__Lmediumconst                mediumconst  000000
__LnvFARRAM                   nvFARRAM     000000
__Lnvbit                      nvbit        000000
__Lnvrram                     nvrram       000000
__Lparam                      rparam       000000
__Lpowerup                    powerup      000000
__Lram                        ram          000000
__Lramtop                     ramtop       000600
__Lrbit                       rbit         000000
__Lrbss                       rbss         000000
__Lrdata                      rdata        000000
__Lreset_vec                  reset_vec    000000
__Lrparam                     rparam       000000
__Lsfr                        sfr          000000
__Lsivt_hi                    sivt_hi      000000
__Lsivt_lo                    sivt_lo      000018
__Lsmallconst                 smallconst   000600
__Lspace_0                    (abs)        000000
__Lspace_1                    (abs)        000000
__Lspace_2                    (abs)        000000
__Lspace_4                    (abs)        000000
__Lstack                      stack        000000
__Lstruct                     struct       000000
__Ltemp                       temp         000000
__Ltext                       text         000000
__Ltext0                      text0        000000
__Ltext1                      text1        000000
__Ltext10                     text10       000000
__Ltext11                     text11       000000
__Ltext12                     text12       000000
__Ltext13                     text13       000000
__Ltext14                     text14       000000
__Ltext15                     text15       000000
__Ltext2                      text2        000000
__Ltext3                      text3        000000
__Ltext4                      text4        000000
__Ltext5                      text5        000000
__Ltext6                      text6        000000
__Ltext7                      text7        000000
__Ltext8                      text8        000000
__Ltext9                      text9        000000
__S0                          (abs)        008000
__S1                          (abs)        00003B
__S4                          (abs)        000000
__S5                          (abs)        000000
___heap_hi                    (abs)        000000
___heap_lo                    (abs)        000000
___inthi_sp                   stack        000000
___inthi_stack_hi             stack        000000
___inthi_stack_lo             stack        000000
___intlo_sp                   stack        000000
___intlo_stack_hi             stack        000000
___intlo_stack_lo             stack        000000
___lwdiv                      text9        000BA0
___lwdiv@counter              cstackCOMRAM 000007
___lwdiv@dividend             cstackCOMRAM 000001
___lwdiv@divisor              cstackCOMRAM 000003
___lwdiv@quotient             cstackCOMRAM 000005
___lwmod                      text8        000CF4
___lwmod@counter              cstackCOMRAM 00000C
___lwmod@dividend             cstackCOMRAM 000008
___lwmod@divisor              cstackCOMRAM 00000A
___param_bank                 (abs)        000000
___rparam_used                (abs)        000001
___sp                         stack        000000
___stack_hi                   stack        000000
___stack_lo                   stack        000000
__accesstop                   (abs)        000060
__activetblptr                (abs)        000002
__end_of___lwdiv              text9        000C14
__end_of___lwmod              text8        000D58
__end_of__initialization      cinit        000E4C
__end_of_can_transmit         text15       0007A6
__end_of_clcd_print           text13       000CF4
__end_of_clcd_write           text14       000E20
__end_of_get_indicator_status text10       000AFA
__end_of_get_rpm              text6        0008FC
__end_of_init_adc             text5        000E72
__end_of_init_can             text4        000DA0
__end_of_init_clcd            text3        000BA0
__end_of_init_config          text1        000E98
__end_of_init_matrix_keypad   text2        000EAA
__end_of_main                 text0        000E86
__end_of_read_adc             text7        000DE6
__end_of_read_switches        text11       000C88
__end_of_scan_key             text12       000A04
__initialization              cinit        000E20
__mediumconst                 smallconst   000600
__pbssCOMRAM                  bssCOMRAM    00001C
__pcinit                      cinit        000E20
__pcstackCOMRAM               cstackCOMRAM 000001
__pdataCOMRAM                 dataCOMRAM   000035
__pidataCOMRAM                idataCOMRAM  000EAA
__psmallconst                 smallconst   000600
__ptext0                      text0        000E72
__ptext1                      text1        000E86
__ptext10                     text10       000A04
__ptext11                     text11       000C14
__ptext12                     text12       0008FC
__ptext13                     text13       000C88
__ptext14                     text14       000DE6
__ptext15                     text15       000610
__ptext2                      text2        000E98
__ptext3                      text3        000AFA
__ptext4                      text4        000D58
__ptext5                      text5        000E56
__ptext6                      text6        0007A6
__ptext7                      text7        000DA0
__ptext8                      text8        000CF4
__ptext9                      text9        000BA0
__ramtop                      ramtop       000600
__smallconst                  smallconst   000600
_arr                          dataCOMRAM   000035
_can_payload                  bssCOMRAM    00001C
_can_transmit                 text15       000610
_clcd_print                   text13       000C88
_clcd_write                   text14       000DE6
_data_length                  bssCOMRAM    00002F
_delay                        bssCOMRAM    000029
_flag                         bssCOMRAM    000034
_get_indicator_status         text10       000A04
_get_rpm                      text6        0007A6
_id                           bssCOMRAM    000031
_init_adc                     text5        000E56
_init_can                     text4        000D58
_init_clcd                    text3        000AFA
_init_config                  text1        000E86
_init_matrix_keypad           text2        000E98
_main                         text0        000E72
_pos                          bssCOMRAM    00002D
_read_adc                     text7        000DA0
_read_switches                text11       000C14
_scan_key                     text12       0008FC
can_transmit@data             cstackCOMRAM 000005
can_transmit@len              cstackCOMRAM 000003
can_transmit@msg_id           cstackCOMRAM 000001
clcd_print@addr               cstackCOMRAM 000005
clcd_print@data               cstackCOMRAM 000003
clcd_write@byte               cstackCOMRAM 000002
clcd_write@control_bit        cstackCOMRAM 000001
end_of_initialization         cinit        000E4C
get_indicator_status@key      cstackCOMRAM 00000A
get_rpm@adc_val               cstackCOMRAM 000013
get_rpm@rpm                   cstackCOMRAM 00001A
get_rpm@str                   cstackCOMRAM 000015
intlevel0                     text         000000
intlevel1                     text         000000
intlevel2                     text         000000
intlevel3                     text         000000
isa$std                       (abs)        000001
isa$xinst                     (abs)        000000
read_adc@channel              cstackCOMRAM 000007
read_adc@reg_val              cstackCOMRAM 000005
read_digital_keypad@once      dataCOMRAM   00003A
read_switches@detection_type  cstackCOMRAM 000001
read_switches@key             bssCOMRAM    000033
read_switches@once            dataCOMRAM   000039
stackhi                       (abs)        000000
stacklo                       (abs)        000000
start                         init         007FFC
start_initialization          cinit        000E20


MODULE INFORMATION

Module		Function		Class		Link	Load	Size
ecu2_main.c
		_main          		CODE           	0E72	0000	20
		_init_config   		CODE           	0E86	0000	18

ecu2_main.c estimated size: 38

matrix_keypad.c
		_init_matrix_keypad		CODE           	0E98	0000	18
		_read_switches 		CODE           	0C14	0000	116
		_scan_key      		CODE           	08FC	0000	264

matrix_keypad.c estimated size: 398

functions.c
		_get_rpm       		CODE           	07A6	0000	342
		_get_indicator_status		CODE           	0A04	0000	246

functions.c estimated size: 588

adc.c
		_init_adc      		CODE           	0E56	0000	28
		_read_adc      		CODE           	0DA0	0000	70

adc.c estimated size: 98

C:\Program Files\Microchip\xc8\v3.00\pic\sources\c99\common\lwmod.c
		___lwmod       		CODE           	0CF4	0000	100

C:\Program Files\Microchip\xc8\v3.00\pic\sources\c99\common\lwmod.c estimated size: 100

shared
		__initialization		CODE           	0E20	0000	44

shared estimated size: 44

clcd.c
		_clcd_write    		CODE           	0DE6	0000	58
		_clcd_print    		CODE           	0C88	0000	108
		_init_clcd     		CODE           	0AFA	0000	166

clcd.c estimated size: 332

can.c
		_can_transmit  		CODE           	0610	0000	406
		_init_can      		CODE           	0D58	0000	72

can.c estimated size: 478

C:\Program Files\Microchip\xc8\v3.00\pic\sources\c99\common\lwdiv.c
		___lwdiv       		CODE           	0BA0	0000	116

C:\Program Files\Microchip\xc8\v3.00\pic\sources\c99\common\lwdiv.c estimated size: 116

