Microchip MPLAB XC8 Compiler V3.00

Linker command line:

-W-3 \
  --edf=C:\Program Files\Microchip\xc8\v3.00\pic\dat\20241204225717_en.msgs \
  -cn -h+dist/default/production\ECU1.X.production.sym \
  --cmf=dist/default/production\ECU1.X.production.cmf -z -Q18F4580 \
  -oC:\Users\KEERTHI\AppData\Local\Temp\xcAs7fk.\driver_tmp_3.o \
  --defsym=__MPLAB_BUILD=1 --fixupoverflow=error \
  -Mdist/default/production/ECU1.X.production.map \
  --md=C:\Users\KEERTHI\AppData\Local\Temp\xcAs7fk.\driver_tmp_0.dat -E1 \
  -ver=XC8 Compiler -ACODE=00h-03000h -ACONST=00h-03000h \
  -ASMALLCONST=0600h-06FFhx42,03000h-03000h -AMEDIUMCONST=0600h-03000h \
  -ACOMRAM=01h-05Fh -AABS1=00h-05FFh -ABIGRAM=01h-05FFh \
  -ARAM=060h-0FFh,0100h-01FFhx5 -ABANK0=060h-0FFh -ABANK1=0100h-01FFh \
  -ABANK2=0200h-02FFh -ABANK3=0300h-03FFh -ABANK4=0400h-04FFh \
  -ABANK5=0500h-05FFh -ASFR=0D00h-0DFFhx2,0F00h-0F5Fh,0F60h-0FFFh \
  -ABIGSFR=0D00h-0FFFh -ACONFIG=0300000h-030000Dh -AIDLOC=0200000h-0200007h \
  -AEEDATA=0F00000h-0F000FFh -peeprom_data=EEDATA \
  -preset_vec=00h,intcode=8h,intcodelo=18h,sivt_lo,sivt_hi=CODE \
  -ppowerup=CODE,init -pramtop=0600h -psmallconst=SMALLCONST \
  -pmediumconst=MEDIUMCONST -pconst=CONST -AFARRAM=00h-00h \
  -prdata=COMRAM,nvrram=COMRAM,nvbit=COMRAM,rbss=COMRAM,rbit=COMRAM \
  -pfarbss=FARRAM,fardata=FARRAM,nvFARRAM=FARRAM \
  -pintsave_regs=BIGRAM,bigbss=BIGRAM,bigdata=BIGRAM -pbss=RAM \
  -pidata=CODE,irdata=CODE,ibigdata=CODE,ifardata=CODE -prparam=COMRAM \
  C:\Users\KEERTHI\AppData\Local\Temp\xcAs7fk.\driver_tmp_9.o \
  dist/default/production\ECU1.X.production.o 

Object code version is 3.11

Machine type is 18F4580



                Name                               Link     Load   Length Selector   Space Scale
C:\Users\KEERTHI\AppData\Local\Temp\xcAs7fk.\driver_tmp_9.o
                idloc                            200000   200000        8        0       5
                config                           300000   300000        E        0       4
                init                               2FFC     2FFC        4     17FE       0
                reset_vec                             0        0        4        0       0
dist/default/production\ECU1.X.production.o
                idloc                            200000   200000        8        0       5
                config                           300000   300000        E        0       4
                mediumconst                        2FD8     2FD8       24     17EC       0
                text21                             2822     2822      390     1411       0
                text20                             1FE6     1FE6      104      FF3       0
                text19                             2BB2     2BB2      426     15D9       0
                text18                             20EA     20EA      106     1075       0
                text17                             1CFC     1CFC       74      E7E       0
                text16                             1C2C     1C2C       64      E16       0
                text15                             248E     248E      1B4     1247       0
                text14                             22F8     22F8      196     117C       0
                text13                             1B10     1B10       3A      D88       0
                text12                             1C90     1C90       6C      E48       0
                text11                             1B4A     1B4A       46      DA5       0
                text10                             2642     2642      1E0     1321       0
                text9                              21F0     21F0      108     10F8       0
                text8                              1D70     1D70       74      EB8       0
                text7                              1DE4     1DE4       A4      EF2       0
                text6                              1F2E     1F2E       B8      F97       0
                text5                              1AF4     1AF4       1C      D7A       0
                text4                              1B90     1B90       48      DC8       0
                text3                              1E88     1E88       A6      F44       0
                text2                              1AB8     1AB8       12      D5C       0
                text1                              1ACA     1ACA       12      D65       0
                text0                              1ADC     1ADC       18      D6E       0
                cstackCOMRAM                          1        1       51        1       1
                dataBANK0                            60       60       10       60       1
                bssBANK0                             70       70        D       60       1
                dataCOMRAM                           5F       5F        1        1       1
                bssCOMRAM                            52       52        D        1       1
                cinit                              1BD8     1BD8       54      DEC       0
                idataBANK0                         1AA8     1AA8       10     1AA8       0
                idataCOMRAM                        3000     3000        1     17FE       0

TOTAL           Name                               Link     Load   Length     Space
        CLASS   CODE           
                init                               2FFC     2FFC        4         0
                reset_vec                             0        0        4         0
                text21                             2822     2822      390         0
                text20                             1FE6     1FE6      104         0
                text19                             2BB2     2BB2      426         0
                text18                             20EA     20EA      106         0
                text17                             1CFC     1CFC       74         0
                text16                             1C2C     1C2C       64         0
                text15                             248E     248E      1B4         0
                text14                             22F8     22F8      196         0
                text13                             1B10     1B10       3A         0
                text12                             1C90     1C90       6C         0
                text11                             1B4A     1B4A       46         0
                text10                             2642     2642      1E0         0
                text9                              21F0     21F0      108         0
                text8                              1D70     1D70       74         0
                text7                              1DE4     1DE4       A4         0
                text6                              1F2E     1F2E       B8         0
                text5                              1AF4     1AF4       1C         0
                text4                              1B90     1B90       48         0
                text3                              1E88     1E88       A6         0
                text2                              1AB8     1AB8       12         0
                text1                              1ACA     1ACA       12         0
                text0                              1ADC     1ADC       18         0
                cinit                              1BD8     1BD8       54         0
                idataBANK0                         1AA8     1AA8       10         0
                idataCOMRAM                        3000     3000        1         0

        CLASS   CONST          

        CLASS   SMALLCONST     

        CLASS   MEDIUMCONST    
                mediumconst                        2FD8     2FD8       24         0

        CLASS   COMRAM         
                cstackCOMRAM                          1        1       51         1
                dataCOMRAM                           5F       5F        1         1
                bssCOMRAM                            52       52        D         1

        CLASS   ABS1           

        CLASS   BIGRAM         

        CLASS   RAM            

        CLASS   BANK0          
                dataBANK0                            60       60       10         1
                bssBANK0                             70       70        D         1

        CLASS   BANK1          

        CLASS   BANK2          

        CLASS   BANK3          

        CLASS   BANK4          

        CLASS   BANK5          

        CLASS   SFR            

        CLASS   BIGSFR         

        CLASS   CONFIG         
                config                           300000   300000        E         4

        CLASS   IDLOC          
                idloc                            200000   200000        8         5

        CLASS   EEDATA         

        CLASS   FARRAM         

        CLASS   HEAP           

        CLASS   STACK          



SEGMENTS        Name                           Load    Length   Top    Selector   Space  Class

                reset_vec                      000000  000004  000004         0       0  CODE    
                cstackCOMRAM                   000001  00005F  000060         1       1  COMRAM  
                dataBANK0                      000060  00001D  00007D        60       1  BANK0   
                idataBANK0                     001AA8  000010  001AB8      1AA8       0  CODE    
                text2                          001AB8  000012  001ACA       D5C       0  CODE    
                text1                          001ACA  000012  001ADC       D65       0  CODE    
                text0                          001ADC  000018  001AF4       D6E       0  CODE    
                text5                          001AF4  00001C  001B10       D7A       0  CODE    
                text13                         001B10  00003A  001B4A       D88       0  CODE    
                text11                         001B4A  000046  001B90       DA5       0  CODE    
                text4                          001B90  000048  001BD8       DC8       0  CODE    
                cinit                          001BD8  000054  001C2C       DEC       0  CODE    
                text16                         001C2C  000064  001C90       E16       0  CODE    
                text12                         001C90  00006C  001CFC       E48       0  CODE    
                text17                         001CFC  000074  001D70       E7E       0  CODE    
                text8                          001D70  000074  001DE4       EB8       0  CODE    
                text7                          001DE4  0000A4  001E88       EF2       0  CODE    
                text3                          001E88  0000A6  001F2E       F44       0  CODE    
                text6                          001F2E  0000B8  001FE6       F97       0  CODE    
                text20                         001FE6  000104  0020EA       FF3       0  CODE    
                text18                         0020EA  000106  0021F0      1075       0  CODE    
                text9                          0021F0  000108  0022F8      10F8       0  CODE    
                text14                         0022F8  000196  00248E      117C       0  CODE    
                text15                         00248E  0001B4  002642      1247       0  CODE    
                text10                         002642  0001E0  002822      1321       0  CODE    
                text21                         002822  000390  002BB2      1411       0  CODE    
                text19                         002BB2  000426  002FD8      15D9       0  CODE    
                mediumconst                    002FD8  000024  002FFC      17EC       0  MEDIUMCO
                init                           002FFC  000005  003001      17FE       0  CODE    


UNUSED ADDRESS RANGES

        Name                Unused          Largest block    Delta
        BANK0            00007D-0000FF               83
        BANK1            000100-0001FF              100
        BANK2            000200-0002FF              100
        BANK3            000300-0003FF              100
        BANK4            000400-0004FF              100
        BANK5            000500-0005FF              100
        BIGRAM           00007D-0005FF              583
        BIGSFR           000D00-000FFF              300
        CODE             000004-001AA7             1AA4
        CONST            000004-001AA7             1AA4
        EEDATA           F00000-F000FF              100
        MEDIUMCONST      000600-001AA7             14A8
        RAM              00007D-0005FF              100
        SFR              000D00-000FFF              100
        SMALLCONST       000600-001AA7              100

                                  Symbol Table

?___fldiv                     cstackCOMRAM 000028
?___flmul                     cstackCOMRAM 00000F
?___fltol                     cstackCOMRAM 000001
?___lwdiv                     cstackCOMRAM 00000B
?___lwmod                     cstackCOMRAM 00000B
?___xxtofl                    cstackCOMRAM 000001
?_get_engine_temp             cstackCOMRAM 000041
?_get_speed                   cstackCOMRAM 000012
?_read_adc                    cstackCOMRAM 000001
_ACQT0                        (abs)        007E03
_ACQT1                        (abs)        007E04
_ACQT2                        (abs)        007E05
_ADCON0                       (abs)        000FC2
_ADCON1                       (abs)        000FC1
_ADCS0                        (abs)        007E00
_ADCS1                        (abs)        007E01
_ADCS2                        (abs)        007E02
_ADFM                         (abs)        007E07
_ADON                         (abs)        007E10
_ADRESH                       (abs)        000FC4
_ADRESL                       (abs)        000FC3
_BRGCON1                      (abs)        000F70
_BRGCON2                      (abs)        000F71
_BRGCON3                      (abs)        000F72
_CANCON                       (abs)        000F6F
_CANSTAT                      (abs)        000F6E
_ECANCON                      (abs)        000F77
_GO                           (abs)        007E11
_GODONE                       (abs)        007E11
_PORTB                        (abs)        000F81
_PORTBbits                    (abs)        000F81
_PORTD                        (abs)        000F83
_RBPU                         (abs)        007F8F
_RC0                          (abs)        007C10
_RC1                          (abs)        007C11
_RC2                          (abs)        007C12
_RD7                          (abs)        007C1F
_RXB0CON                      (abs)        000F60
_RXB0D0                       (abs)        000F66
_RXB0D1                       (abs)        000F67
_RXB0D2                       (abs)        000F68
_RXB0D3                       (abs)        000F69
_RXB0D4                       (abs)        000F6A
_RXB0D5                       (abs)        000F6B
_RXB0D6                       (abs)        000F6C
_RXB0D7                       (abs)        000F6D
_RXB0DLC                      (abs)        000F65
_RXB0EIDH                     (abs)        000F63
_RXB0EIDL                     (abs)        000F64
_RXB0FUL                      (abs)        007B07
_RXB0IF                       (abs)        007D20
_RXB0SIDH                     (abs)        000F61
_RXF0EIDH                     (abs)        000F02
_RXF0EIDL                     (abs)        000F03
_RXF0SIDH                     (abs)        000F00
_RXF0SIDL                     (abs)        000F01
_RXFCON0                      (abs)        000DD4
_TRISB                        (abs)        000F93
_TRISB2                       (abs)        007C9A
_TRISB3                       (abs)        007C9B
_TRISC                        (abs)        000F94
_TRISD                        (abs)        000F95
_TRISD7                       (abs)        007CAF
_TXB0D0                       (abs)        000F46
_TXB0D1                       (abs)        000F47
_TXB0D2                       (abs)        000F48
_TXB0D3                       (abs)        000F49
_TXB0D4                       (abs)        000F4A
_TXB0D5                       (abs)        000F4B
_TXB0D6                       (abs)        000F4C
_TXB0D7                       (abs)        000F4D
_TXB0DLC                      (abs)        000F45
_TXB0EIDH                     (abs)        000F43
_TXB0EIDL                     (abs)        000F44
_TXB0REQ                      (abs)        007A03
_TXB0SIDH                     (abs)        000F41
_TXB0SIDL                     (abs)        000F42
_VCFG0                        (abs)        007E0C
_VCFG1                        (abs)        007E0D
__HRAM                        (abs)        000000
__H__absolute__               __absolute__ 000000
__Habs1                       abs1         000000
__Hbank0                      bank0        000000
__Hbank1                      bank1        000000
__Hbank2                      bank2        000000
__Hbank3                      bank3        000000
__Hbank4                      bank4        000000
__Hbank5                      bank5        000000
__Hbigbss                     bigbss       000000
__Hbigdata                    bigdata      000000
__Hbigram                     bigram       000000
__Hbigsfr                     bigsfr       000000
__Hbss                        bss          000000
__HbssBANK0                   bssBANK0     000000
__HbssCOMRAM                  bssCOMRAM    000000
__Hcinit                      cinit        000000
__Hclrtext                    clrtext      000000
__Hcomram                     comram       000000
__Hconfig                     config       30000E
__Hconst                      const        000000
__HcstackCOMRAM               cstackCOMRAM 000000
__Hdata                       data         000000
__HdataBANK0                  dataBANK0    000000
__HdataCOMRAM                 dataCOMRAM   000000
__Heeprom_data                eeprom_data  000000
__Hfarbss                     farbss       000000
__Hfardata                    fardata      000000
__Hheap                       heap         000000
__Hibigdata                   ibigdata     000000
__Hidata                      idata        000000
__HidataBANK0                 idataBANK0   000000
__HidataCOMRAM                idataCOMRAM  000000
__Hidloc                      idloc        200008
__Hifardata                   ifardata     000000
__Hinit                       init         003000
__Hintcode                    intcode      000008
__Hintcode_body               intcode_body 000000
__Hintcodelo                  intcodelo    000018
__Hintentry                   intentry     000000
__Hintret                     intret       000000
__Hintsave_regs               intsave_regs 000000
__Hirdata                     irdata       000000
__Hmediumconst                mediumconst  002FFC
__HnvFARRAM                   nvFARRAM     000000
__Hnvbit                      nvbit        000000
__Hnvrram                     nvrram       000000
__Hparam                      rparam       000000
__Hpowerup                    powerup      000000
__Hram                        ram          000000
__Hramtop                     ramtop       000600
__Hrbit                       rbit         000000
__Hrbss                       rbss         000000
__Hrdata                      rdata        000000
__Hreset_vec                  reset_vec    000004
__Hrparam                     rparam       000000
__Hsfr                        sfr          000000
__Hsivt_hi                    sivt_hi      000000
__Hsivt_lo                    sivt_lo      000018
__Hsmallconst                 smallconst   000000
__Hspace_0                    (abs)        003001
__Hspace_1                    (abs)        00007D
__Hspace_2                    (abs)        000000
__Hspace_4                    (abs)        60000E
__Hstack                      stack        000000
__Hstruct                     struct       000000
__Htemp                       temp         000000
__Htext                       text         000000
__Htext0                      text0        000000
__Htext1                      text1        000000
__Htext10                     text10       000000
__Htext11                     text11       000000
__Htext12                     text12       000000
__Htext13                     text13       000000
__Htext14                     text14       000000
__Htext15                     text15       000000
__Htext16                     text16       000000
__Htext17                     text17       000000
__Htext18                     text18       000000
__Htext19                     text19       000000
__Htext2                      text2        000000
__Htext20                     text20       000000
__Htext21                     text21       000000
__Htext3                      text3        000000
__Htext4                      text4        000000
__Htext5                      text5        000000
__Htext6                      text6        000000
__Htext7                      text7        000000
__Htext8                      text8        000000
__Htext9                      text9        000000
__LRAM                        (abs)        000001
__L__absolute__               __absolute__ 000000
__Labs1                       abs1         000000
__Lbank0                      bank0        000000
__Lbank1                      bank1        000000
__Lbank2                      bank2        000000
__Lbank3                      bank3        000000
__Lbank4                      bank4        000000
__Lbank5                      bank5        000000
__Lbigbss                     bigbss       000000
__Lbigdata                    bigdata      000000
__Lbigram                     bigram       000000
__Lbigsfr                     bigsfr       000000
__Lbss                        bss          000000
__LbssBANK0                   bssBANK0     000000
__LbssCOMRAM                  bssCOMRAM    000000
__Lcinit                      cinit        000000
__Lclrtext                    clrtext      000000
__Lcomram                     comram       000000
__Lconfig                     config       000000
__Lconst                      const        000000
__LcstackCOMRAM               cstackCOMRAM 000000
__Ldata                       data         000000
__LdataBANK0                  dataBANK0    000000
__LdataCOMRAM                 dataCOMRAM   000000
__Leeprom_data                eeprom_data  000000
__Lfarbss                     farbss       000000
__Lfardata                    fardata      000000
__Lheap                       heap         000000
__Libigdata                   ibigdata     000000
__Lidata                      idata        000000
__LidataBANK0                 idataBANK0   000000
__LidataCOMRAM                idataCOMRAM  000000
__Lidloc                      idloc        000000
__Lifardata                   ifardata     000000
__Linit                       init         002FFC
__Lintcode                    intcode      000008
__Lintcode_body               intcode_body 000000
__Lintcodelo                  intcodelo    000018
__Lintentry                   intentry     000000
__Lintret                     intret       000000
__Lintsave_regs               intsave_regs 000000
__Lirdata                     irdata       000000
__Lmediumconst                mediumconst  002FD8
__LnvFARRAM                   nvFARRAM     000000
__Lnvbit                      nvbit        000000
__Lnvrram                     nvrram       000000
__Lparam                      rparam       000000
__Lpowerup                    powerup      000000
__Lram                        ram          000000
__Lramtop                     ramtop       000600
__Lrbit                       rbit         000000
__Lrbss                       rbss         000000
__Lrdata                      rdata        000000
__Lreset_vec                  reset_vec    000000
__Lrparam                     rparam       000000
__Lsfr                        sfr          000000
__Lsivt_hi                    sivt_hi      000000
__Lsivt_lo                    sivt_lo      000018
__Lsmallconst                 smallconst   000000
__Lspace_0                    (abs)        000000
__Lspace_1                    (abs)        000000
__Lspace_2                    (abs)        000000
__Lspace_4                    (abs)        000000
__Lstack                      stack        000000
__Lstruct                     struct       000000
__Ltemp                       temp         000000
__Ltext                       text         000000
__Ltext0                      text0        000000
__Ltext1                      text1        000000
__Ltext10                     text10       000000
__Ltext11                     text11       000000
__Ltext12                     text12       000000
__Ltext13                     text13       000000
__Ltext14                     text14       000000
__Ltext15                     text15       000000
__Ltext16                     text16       000000
__Ltext17                     text17       000000
__Ltext18                     text18       000000
__Ltext19                     text19       000000
__Ltext2                      text2        000000
__Ltext20                     text20       000000
__Ltext21                     text21       000000
__Ltext3                      text3        000000
__Ltext4                      text4        000000
__Ltext5                      text5        000000
__Ltext6                      text6        000000
__Ltext7                      text7        000000
__Ltext8                      text8        000000
__Ltext9                      text9        000000
__S0                          (abs)        003001
__S1                          (abs)        00007D
__S4                          (abs)        000000
__S5                          (abs)        000000
___fldiv                      text21       002822
___fldiv@a                    cstackCOMRAM 00002C
___fldiv@aexp                 cstackCOMRAM 000040
___fldiv@b                    cstackCOMRAM 000028
___fldiv@bexp                 cstackCOMRAM 00003F
___fldiv@grs                  cstackCOMRAM 00003B
___fldiv@new_exp              cstackCOMRAM 000039
___fldiv@rem                  cstackCOMRAM 000034
___fldiv@sign                 cstackCOMRAM 000038
___flge                       text20       001FE6
___flge@ff1                   cstackCOMRAM 000001
___flge@ff2                   cstackCOMRAM 000005
___flmul                      text19       002BB2
___flmul@a                    cstackCOMRAM 000013
___flmul@aexp                 cstackCOMRAM 000020
___flmul@b                    cstackCOMRAM 00000F
___flmul@bexp                 cstackCOMRAM 000021
___flmul@grs                  cstackCOMRAM 00001C
___flmul@prod                 cstackCOMRAM 000022
___flmul@sign                 cstackCOMRAM 00001B
___flmul@temp                 cstackCOMRAM 000026
___fltol                      text18       0020EA
___fltol@exp1                 cstackCOMRAM 00000A
___fltol@f1                   cstackCOMRAM 000001
___fltol@sign1                cstackCOMRAM 000009
___heap_hi                    (abs)        000000
___heap_lo                    (abs)        000000
___inthi_sp                   stack        000000
___inthi_stack_hi             stack        000000
___inthi_stack_lo             stack        000000
___intlo_sp                   stack        000000
___intlo_stack_hi             stack        000000
___intlo_stack_lo             stack        000000
___lwdiv                      text17       001CFC
___lwdiv@counter              cstackCOMRAM 000011
___lwdiv@dividend             cstackCOMRAM 00000B
___lwdiv@divisor              cstackCOMRAM 00000D
___lwdiv@quotient             cstackCOMRAM 00000F
___lwmod                      text16       001C2C
___lwmod@counter              cstackCOMRAM 00000F
___lwmod@dividend             cstackCOMRAM 00000B
___lwmod@divisor              cstackCOMRAM 00000D
___param_bank                 (abs)        000000
___rparam_used                (abs)        000001
___sp                         stack        000000
___stack_hi                   stack        000000
___stack_lo                   stack        000000
___xxtofl                     text15       00248E
___xxtofl@arg                 cstackCOMRAM 00000B
___xxtofl@exp                 cstackCOMRAM 00000A
___xxtofl@sign                cstackCOMRAM 000009
___xxtofl@val                 cstackCOMRAM 000001
__accesstop                   (abs)        000060
__activetblptr                (abs)        000002
__end_of___fldiv              text21       002BB2
__end_of___flge               text20       0020EA
__end_of___flmul              text19       002FD8
__end_of___fltol              text18       0021F0
__end_of___lwdiv              text17       001D70
__end_of___lwmod              text16       001C90
__end_of___xxtofl             text15       002642
__end_of__initialization      cinit        001C22
__end_of_can_transmit         text14       00248E
__end_of_clcd_print           text12       001CFC
__end_of_clcd_write           text13       001B4A
__end_of_get_engine_temp      text10       002822
__end_of_get_gear_pos         text7        001E88
__end_of_get_speed            text6        001FE6
__end_of_init_adc             text5        001B10
__end_of_init_can             text4        001BD8
__end_of_init_clcd            text3        001F2E
__end_of_init_config          text1        001ADC
__end_of_init_matrix_keypad   text2        001ACA
__end_of_main                 text0        001AF4
__end_of_read_adc             text11       001B90
__end_of_read_switches        text8        001DE4
__end_of_scan_key             text9        0022F8
__initialization              cinit        001BD8
__mediumconst                 mediumconst  002FD8
__pbssBANK0                   bssBANK0     000070
__pbssCOMRAM                  bssCOMRAM    000052
__pcinit                      cinit        001BD8
__pcstackCOMRAM               cstackCOMRAM 000001
__pdataBANK0                  dataBANK0    000060
__pdataCOMRAM                 dataCOMRAM   00005F
__pidataBANK0                 idataBANK0   001AA8
__pidataCOMRAM                idataCOMRAM  003000
__pmediumconst                mediumconst  002FD8
__ptext0                      text0        001ADC
__ptext1                      text1        001ACA
__ptext10                     text10       002642
__ptext11                     text11       001B4A
__ptext12                     text12       001C90
__ptext13                     text13       001B10
__ptext14                     text14       0022F8
__ptext15                     text15       00248E
__ptext16                     text16       001C2C
__ptext17                     text17       001CFC
__ptext18                     text18       0020EA
__ptext19                     text19       002BB2
__ptext2                      text2        001AB8
__ptext20                     text20       001FE6
__ptext21                     text21       002822
__ptext3                      text3        001E88
__ptext4                      text4        001B90
__ptext5                      text5        001AF4
__ptext6                      text6        001F2E
__ptext7                      text7        001DE4
__ptext8                      text8        001D70
__ptext9                      text9        0021F0
__ramtop                      ramtop       000600
__smallconst                  mediumconst  002FD8
_can_payload                  bssBANK0     000070
_can_transmit                 text14       0022F8
_clcd_print                   text12       001C90
_clcd_write                   text13       001B10
_data                         bssCOMRAM    000052
_data_length                  bssCOMRAM    00005A
_get_engine_temp              text10       002642
_get_gear_pos                 text7        001DE4
_get_speed                    text6        001F2E
_id                           bssCOMRAM    00005C
_init_adc                     text5        001AF4
_init_can                     text4        001B90
_init_clcd                    text3        001E88
_init_config                  text1        001ACA
_init_matrix_keypad           text2        001AB8
_main                         text0        001ADC
_read_adc                     text11       001B4A
_read_switches                text8        001D70
_scan_key                     text9        0021F0
can_transmit@data             cstackCOMRAM 000005
can_transmit@len              cstackCOMRAM 000003
can_transmit@msg_id           cstackCOMRAM 000001
clcd_print@addr               cstackCOMRAM 000005
clcd_print@data               cstackCOMRAM 000003
clcd_write@byte               cstackCOMRAM 000002
clcd_write@control_bit        cstackCOMRAM 000001
end_of_initialization         cinit        001C22
get_engine_temp@adc_reg_value cstackCOMRAM 000049
get_engine_temp@delay1        cstackCOMRAM 000047
get_engine_temp@str1          cstackCOMRAM 00004B
get_engine_temp@temp          cstackCOMRAM 00004E
get_engine_temp@volt          cstackCOMRAM 000043
get_gear_pos@F10519           dataBANK0    000060
get_gear_pos@gear_arr         cstackCOMRAM 000009
get_gear_pos@key              cstackCOMRAM 000019
get_gear_pos@pos              cstackCOMRAM 00001A
get_speed@speed               cstackCOMRAM 000017
get_speed@str                 cstackCOMRAM 000014
intlevel0                     text         000000
intlevel1                     text         000000
intlevel2                     text         000000
intlevel3                     text         000000
isa$std                       (abs)        000001
isa$xinst                     (abs)        000000
read_adc@channel              cstackCOMRAM 000007
read_adc@reg_val              cstackCOMRAM 000005
read_switches@detection_type  cstackCOMRAM 000001
read_switches@key             bssCOMRAM    00005E
read_switches@once            dataCOMRAM   00005F
stackhi                       (abs)        000000
stacklo                       (abs)        000000
start                         init         002FFC
start_initialization          cinit        001BD8


MODULE INFORMATION

Module		Function		Class		Link	Load	Size
C:\Program Files\Microchip\xc8\v3.00\pic\sources\c99\common\flge.c
		___flge        		CODE           	1FE6	0000	260

C:\Program Files\Microchip\xc8\v3.00\pic\sources\c99\common\flge.c estimated size: 260

matrix_keypad.c
		_init_matrix_keypad		CODE           	1AB8	0000	18
		_read_switches 		CODE           	1D70	0000	116
		_scan_key      		CODE           	21F0	0000	264

matrix_keypad.c estimated size: 398

functions.c
		_get_engine_temp		CODE           	2642	0000	480
		_get_speed     		CODE           	1F2E	0000	184
		_get_gear_pos  		CODE           	1DE4	0000	164

functions.c estimated size: 828

ecu1_main.c
		_main          		CODE           	1ADC	0000	24
		_init_config   		CODE           	1ACA	0000	18

ecu1_main.c estimated size: 42

adc.c
		_init_adc      		CODE           	1AF4	0000	28
		_read_adc      		CODE           	1B4A	0000	70

adc.c estimated size: 98

C:\Program Files\Microchip\xc8\v3.00\pic\sources\c99\common\lwmod.c
		___lwmod       		CODE           	1C2C	0000	100

C:\Program Files\Microchip\xc8\v3.00\pic\sources\c99\common\lwmod.c estimated size: 100

C:\Program Files\Microchip\xc8\v3.00\pic\sources\c99\common\sprcmul.c
		___flmul       		CODE           	2BB2	0000	1062

C:\Program Files\Microchip\xc8\v3.00\pic\sources\c99\common\sprcmul.c estimated size: 1062

C:\Program Files\Microchip\xc8\v3.00\pic\sources\c99\common\sprcdiv.c
		___fldiv       		CODE           	2822	0000	912

C:\Program Files\Microchip\xc8\v3.00\pic\sources\c99\common\sprcdiv.c estimated size: 912

shared
		__initialization		CODE           	1BD8	0000	74

shared estimated size: 74

clcd.c
		_clcd_write    		CODE           	1B10	0000	58
		_clcd_print    		CODE           	1C90	0000	108
		_init_clcd     		CODE           	1E88	0000	166

clcd.c estimated size: 332

C:\Program Files\Microchip\xc8\v3.00\pic\sources\c99\common\xxtofl.c
		___xxtofl      		CODE           	248E	0000	436

C:\Program Files\Microchip\xc8\v3.00\pic\sources\c99\common\xxtofl.c estimated size: 436

can.c
		_can_transmit  		CODE           	22F8	0000	406
		_init_can      		CODE           	1B90	0000	72

can.c estimated size: 478

C:\Program Files\Microchip\xc8\v3.00\pic\sources\c99\common\lwdiv.c
		___lwdiv       		CODE           	1CFC	0000	116

C:\Program Files\Microchip\xc8\v3.00\pic\sources\c99\common\lwdiv.c estimated size: 116

C:\Program Files\Microchip\xc8\v3.00\pic\sources\c99\common\fltol.c
		___fltol       		CODE           	20EA	0000	262

C:\Program Files\Microchip\xc8\v3.00\pic\sources\c99\common\fltol.c estimated size: 262

